<?xml version="1.0" encoding="UTF-8"?>
<testsuites>
  <testsuite name="/var/www/html/phpunit.xml" tests="1" assertions="1" errors="0" failures="1" skipped="0" time="70.611845">
    <testsuite name="Feature" tests="1" assertions="1" errors="0" failures="1" skipped="0" time="70.611845">
      <testsuite name="Tests\Feature\Absences\AbsenceIndexTest" file="Absence Index (Tests\Feature\Absences\AbsenceIndex)" tests="1" assertions="1" errors="0" failures="1" skipped="0" time="70.611845">
        <testcase name="Filter by month year" file="Absence Index (Tests\Feature\Absences\AbsenceIndex)::Filter by month year" class="Tests\Feature\Absences\AbsenceIndexTest" classname="Tests.Feature.Absences.AbsenceIndexTest" assertions="1" time="70.611845">
          <failure type="PHPUnit\Framework\ExpectationFailedException">Filter by month yearExpected response status code [200] but received 500.
Failed asserting that 500 is identical to 200.
at vendor/laravel/framework/src/Illuminate/Testing/TestResponseAssert.php:45
at vendor/laravel/framework/src/Illuminate/Testing/TestResponse.php:160
at tests/Feature/Absences/AbsenceIndexTest.php:444</failure>
        </testcase>
      </testsuite>
    </testsuite>
  </testsuite>
</testsuites>
